// Jest Snapshot v1, https://goo.gl/fbAQLP

exports[`AdmList Component renders correctly 1`] = `
ShallowWrapper {
  Symbol(enzyme.__root__): [Circular],
  Symbol(enzyme.__unrendered__): <WithStyles(AdmItemList)
    posts={
      Array [
        Object {
          "id": 1,
          "title": "title1",
        },
        Object {
          "id": 2,
          "title": "title2",
        },
      ]
    }
    subscribeToMore={[Function]}
  />,
  Symbol(enzyme.__renderer__): Object {
    "batchedUpdates": [Function],
    "getNode": [Function],
    "render": [Function],
    "simulateError": [Function],
    "simulateEvent": [Function],
    "unmount": [Function],
  },
  Symbol(enzyme.__node__): Object {
    "instance": null,
    "key": undefined,
    "nodeType": "class",
    "props": Object {
      "classes": Object {
        "itemWrapper": "AdmItemList-itemWrapper-2",
        "mainStyle": "AdmItemList-mainStyle-1",
      },
      "posts": Array [
        Object {
          "id": 1,
          "title": "title1",
        },
        Object {
          "id": 2,
          "title": "title2",
        },
      ],
      "subscribeToMore": [Function],
    },
    "ref": null,
    "rendered": null,
    "type": [Function],
  },
  Symbol(enzyme.__nodes__): Array [
    Object {
      "instance": null,
      "key": undefined,
      "nodeType": "class",
      "props": Object {
        "classes": Object {
          "itemWrapper": "AdmItemList-itemWrapper-2",
          "mainStyle": "AdmItemList-mainStyle-1",
        },
        "posts": Array [
          Object {
            "id": 1,
            "title": "title1",
          },
          Object {
            "id": 2,
            "title": "title2",
          },
        ],
        "subscribeToMore": [Function],
      },
      "ref": null,
      "rendered": null,
      "type": [Function],
    },
  ],
  Symbol(enzyme.__options__): Object {
    "adapter": ReactSixteenAdapter {
      "options": Object {
        "enableComponentDidUpdateOnSetState": true,
        "lifecycles": Object {
          "componentDidUpdate": Object {
            "onSetState": true,
          },
          "getDerivedStateFromProps": true,
          "getSnapshotBeforeUpdate": true,
          "setState": Object {
            "skipsComponentDidUpdateOnNullish": true,
          },
        },
      },
    },
  },
}
`;
